// Snapshot v1

exports[`I can add a new TODO > I should see the "incomplete" TODO 1`] = `
"<div class="todoItem_svgBox__z1vm6" style="background: rgb(222, 223, 225);">
  <svg viewBox="0 0 53 38" fill="none" xmlns="http://www.w3.org/2000/svg">
    <path fill="none" stroke-miterlimit="10" stroke-width="6" d="M1.5 22L16 36.5L51.5 1" stroke-linejoin="round" stroke-linecap="round" opacity="0" pathLength="1" stroke-dashoffset="0px" stroke-dasharray="0px 1px"></path>
  </svg>
</div>"
`;

exports[`I can edit existing TODO > I should see the "completed" TODO 1`] = `
"<div class="todoItem_svgBox__z1vm6" style="background: rgb(100, 111, 240);">
  <svg viewBox="0 0 53 38" fill="none" xmlns="http://www.w3.org/2000/svg">
    <path fill="none" stroke-miterlimit="10" stroke-width="6" d="M1.5 22L16 36.5L51.5 1" stroke-linejoin="round" stroke-linecap="round" opacity="1" pathLength="1" stroke-dashoffset="0px" stroke-dasharray="1px 1px"></path>
  </svg>
</div>"
`;
